relevant directories:
  0.840 web/src
  0.840 web/src/ws
  0.620 server
  0.620 server/src
  0.620 web
  0.620 web/src/api
relevant files:
  0.840 web/src/ws/client.ts
  0.620 server/src/http.ts
  0.620 web/src/api/user.ts
relevant snippets:
  0.960 web/src/ws/client.ts:1-19
1: export class WebSocketClient {
2:   private socket?: WebSocket;
3:   private reconnectTimer?: ReturnType<typeof setTimeout>;
4: 
5:   connect(url: string) {
6:     this.socket = new WebSocket(url);
7:     this.socket.onopen = () => this.clearReconnect();
8:     this.socket.onclose = () => this.scheduleReconnect(url);
9:     this.socket.onerror = () => this.socket?.close();
10:   }
11: 
12:   private scheduleReconnect(url: string) {
13:     this.reconnectTimer = setTimeout(() => this.connect(url), 1000);
14:   }
15: 
16:   private clearReconnect() {
17:     if (this.reconnectTimer) clearTimeout(this.reconnectTimer);
18:   }
19: }
metrics: {"model_calls": 0, "input_tokens": 0, "output_tokens": 0, "directories_exposed": 6, "directories_selected": 6, "files_exposed": 3, "files_selected": 3, "lines_exposed": 23, "lines_selected": 16, "snippets": 1, "elapsed_ms": 2.32}
