Traceback (most recent call last):
  File "/home/runner/work/narness-engineering/narness-engineering/narness/research/code-locator/src/system_one_code_locator.py", line 64, in _request
    with urllib.request.urlopen(req, timeout=60) as resp:
         ~~~~~~~~~~~~~~~~~~~~~~^^^^^^^^^^^^^^^^^
  File "/opt/hostedtoolcache/Python/3.13.15/x64/lib/python3.13/urllib/request.py", line 189, in urlopen
    return opener.open(url, data, timeout)
           ~~~~~~~~~~~^^^^^^^^^^^^^^^^^^^^
  File "/opt/hostedtoolcache/Python/3.13.15/x64/lib/python3.13/urllib/request.py", line 495, in open
    response = meth(req, response)
  File "/opt/hostedtoolcache/Python/3.13.15/x64/lib/python3.13/urllib/request.py", line 604, in http_response
    response = self.parent.error(
        'http', request, response, code, msg, hdrs)
  File "/opt/hostedtoolcache/Python/3.13.15/x64/lib/python3.13/urllib/request.py", line 533, in error
    return self._call_chain(*args)
           ~~~~~~~~~~~~~~~~^^^^^^^
  File "/opt/hostedtoolcache/Python/3.13.15/x64/lib/python3.13/urllib/request.py", line 466, in _call_chain
    result = func(*args)
  File "/opt/hostedtoolcache/Python/3.13.15/x64/lib/python3.13/urllib/request.py", line 613, in http_error_default
    raise HTTPError(req.full_url, code, msg, hdrs, fp)
urllib.error.HTTPError: HTTP Error 400: Bad Request

The above exception was the direct cause of the following exception:

Traceback (most recent call last):
  File "/home/runner/work/narness-engineering/narness-engineering/narness/research/code-locator/src/system_one_code_locator.py", line 338, in <module>
    raise SystemExit(main())
                     ~~~~^^
  File "/home/runner/work/narness-engineering/narness-engineering/narness/research/code-locator/src/system_one_code_locator.py", line 321, in main
    result=run(a.root,a.query,scorer,trace,a.directory_threshold,a.file_threshold,a.line_threshold)
  File "/home/runner/work/narness-engineering/narness-engineering/narness/research/code-locator/src/system_one_code_locator.py", line 244, in run
    fs, _ = stage("file", file_candidates, ft)
            ~~~~~^^^^^^^^^^^^^^^^^^^^^^^^^^^^^
  File "/home/runner/work/narness-engineering/narness-engineering/narness/research/code-locator/src/system_one_code_locator.py", line 217, in stage
    scored, u = scorer.score(query, name, candidates)
                ~~~~~~~~~~~~^^^^^^^^^^^^^^^^^^^^^^^^^
  File "/home/runner/work/narness-engineering/narness-engineering/narness/research/code-locator/src/system_one_code_locator.py", line 122, in score
    response = self._request(payload)
  File "/home/runner/work/narness-engineering/narness-engineering/narness/research/code-locator/src/system_one_code_locator.py", line 70, in _request
    raise RuntimeError(f"TypeSafe HTTP {exc.code}: {detail[:2000]}") from exc
RuntimeError: TypeSafe HTTP 400: {"detail":{"error_type":"max_tokens_exceeded"}}
