Traceback (most recent call last):
  File "/home/runner/work/narness-engineering/narness-engineering/narness/research/code-locator/src/system_one_code_locator.py", line 58, in _request
    with urllib.request.urlopen(req, timeout=60) as resp:
         ~~~~~~~~~~~~~~~~~~~~~~^^^^^^^^^^^^^^^^^
  File "/opt/hostedtoolcache/Python/3.13.15/x64/lib/python3.13/urllib/request.py", line 189, in urlopen
    return opener.open(url, data, timeout)
           ~~~~~~~~~~~^^^^^^^^^^^^^^^^^^^^
  File "/opt/hostedtoolcache/Python/3.13.15/x64/lib/python3.13/urllib/request.py", line 495, in open
    response = meth(req, response)
  File "/opt/hostedtoolcache/Python/3.13.15/x64/lib/python3.13/urllib/request.py", line 604, in http_response
    response = self.parent.error(
        'http', request, response, code, msg, hdrs)
  File "/opt/hostedtoolcache/Python/3.13.15/x64/lib/python3.13/urllib/request.py", line 533, in error
    return self._call_chain(*args)
           ~~~~~~~~~~~~~~~~^^^^^^^
  File "/opt/hostedtoolcache/Python/3.13.15/x64/lib/python3.13/urllib/request.py", line 466, in _call_chain
    result = func(*args)
  File "/opt/hostedtoolcache/Python/3.13.15/x64/lib/python3.13/urllib/request.py", line 613, in http_error_default
    raise HTTPError(req.full_url, code, msg, hdrs, fp)
urllib.error.HTTPError: HTTP Error 520: <none>

The above exception was the direct cause of the following exception:

Traceback (most recent call last):
  File "/home/runner/work/narness-engineering/narness-engineering/narness/research/code-locator/src/system_one_code_locator.py", line 189, in <module>
    if __name__ == "__main__": raise SystemExit(main())
                                                ~~~~^^
  File "/home/runner/work/narness-engineering/narness-engineering/narness/research/code-locator/src/system_one_code_locator.py", line 180, in main
    result=run(a.root,a.query,scorer,trace,a.directory_threshold,a.file_threshold,a.line_threshold); payload=json.dumps(result,indent=2,ensure_ascii=False)
  File "/home/runner/work/narness-engineering/narness-engineering/narness/research/code-locator/src/system_one_code_locator.py", line 163, in run
    scored,u=scorer.score(query,"line",lc)
             ~~~~~~~~~~~~^^^^^^^^^^^^^^^^^
  File "/home/runner/work/narness-engineering/narness-engineering/narness/research/code-locator/src/system_one_code_locator.py", line 78, in score
    started = time.perf_counter(); response = self._request(payload); latency = round((time.perf_counter()-started)*1000, 3)
                                              ~~~~~~~~~~~~~^^^^^^^^^
  File "/home/runner/work/narness-engineering/narness-engineering/narness/research/code-locator/src/system_one_code_locator.py", line 62, in _request
    if exc.code not in {429, 529}: raise RuntimeError(f"TypeSafe HTTP {exc.code}: {detail}") from exc
                                   ^^^^^^^^^^^^^^^^^^^^^^^^^^^^^^^^^^^^^^^^^^^^^^^^^^^^^^^^^^^^^^^^^^
RuntimeError: TypeSafe HTTP 520: error code: 520

